This is pdfTeX, Version 3.141592653-2.6-1.40.28 (MiKTeX 25.12) (preloaded format=pdflatex 2026.9.4)  15 SEP 2026 20:59
entering extended mode
 restricted \write18 enabled.
 %&-line parsing enabled.
**./manuscript.tex
(manuscript.tex
LaTeX2e <2025-11-01>
L3 programming layer <2025-12-24>
(C:\Users\jason\AppData\Local\Programs\MiKTeX\tex/latex/revtex\revtex4-2.cls
Document Class: revtex4-2 2022/06/05 4.2f (https://journals.aps.org/revtex/ for
 documentation)
 Copyright (c) 2019 American Physical Society.
 mailto:revtex@aps.org
 Licensed under the LPPL:
http://www.ctan.org/tex-archive/macros/latex/base/lppl.txt
 Arthur Ogawa <arthur_ogawa at sbcglobal dot net>
 Based on work by David Carlisle <david at dcarlisle.demon.co.uk>
 Version (4.2d--4.2f): Modified by Mark Doyle and Phelype Oleinik
 .
ltxutil[2022/06/05 4.2f utilities package (portions licensed from W. E. Baxter 
web at superscript.com)]
LaTeX Info: Redefining \@centercr on input line 356.
Class revtex4-2 Info: Repairing hyperref-unfriendly LaTeX definition of \mpfoot
note on input line 492.
Class revtex4-2 Info: Repairing broken LateX \@sect on input line 814.
\intertabularlinepenalty=\count275
\@tbpen=\count276
\@arstrutbox@hline=\box53
Class revtex4-2 Info: Repairing broken LaTeX \@xbitor on input line 1845.
Class revtex4-2 Info: Making \typeout \long on input line 2110.
ltxfront[2022/06/05 4.2f frontmatter package (AO,DPC,MD)]
\c@affil=\count277
\c@collab=\count278
\absbox=\box54
ltxgrid[2022/06/05 4.2f page grid package (portions licensed from W. E. Baxter 
web at superscript.com)]
\c@linecount=\count279
\output@latex=\toks17
\box@size@1=\box55
\box@size@2=\box56
\@protection@box=\box57
\@topmark@saved=\toks18
\footins@saved=\box58
\footins@recovered=\box59
\column@recovered=\box60
\pagesofar=\box61
\footsofar=\box62
\pagegrid@col=\count280
Class revtex4-2 Info: Overriding \@vspace, \@vspacer, \@no@pgbk, \@newline, and
 \\  on input line 5676.
\c@part=\count281
\c@section=\count282
\c@subsection=\count283
\c@subsubsection=\count284
\c@paragraph=\count285
\c@subparagraph=\count286
\abovecaptionskip=\skip49
\belowcaptionskip=\skip50
\c@figure=\count287
\fbox@1=\box63
\c@table=\count288
\fbox@2=\box64
\c@video=\count289
\fbox@4=\box65
\@bibdataout=\write3
\widetext@top=\box66
\widetext@bot=\box67
Class revtex4-2 Info: Selecting society aip on input line 7669.
(C:\Users\jason\AppData\Local\Programs\MiKTeX\tex/latex/revtex\aip4-2.rtx
File: aip4-2.rtx 2022/06/05 4.2f AIP substyle for REVTeX
Class revtex4-2 Info: RevTeX society AIP selected on input line 88.
)
Class revtex4-2 Info: Selecting journal adv on input line 7671.

Using journal substyle adv.
Class revtex4-2 Info: Reading file aps10pt4-2.rtx on input line 7674.
(C:\Users\jason\AppData\Local\Programs\MiKTeX\tex/latex/revtex\aps10pt4-2.rtx
File: aps10pt4-2 2022/06/05 4.2f (https://journals.aps.org/revtex/ for document
ation)
Class revtex4-2 Info: RevTeX pointsize 10pt selected on input line 39.
)
Class revtex4-2 Info: Overriding 10pt on input line 7674.

(C:\Users\jason\AppData\Local\Programs\MiKTeX\tex/latex/textcase\textcase.sty
Package: textcase 2025/02/16 v1.05 Text only upper/lower case changing (DPC)
Package textcase Info: Defining Legacy names on input line 20.
)
(C:\Users\jason\AppData\Local\Programs\MiKTeX\tex/latex/url\url.sty
\Urlmuskip=\muskip17
Package: url 2013/09/16  ver 3.4  Verb mode for urls, etc.
)
(C:\Users\jason\AppData\Local\Programs\MiKTeX\tex/latex/natbib\natbib.sty
Package: natbib 2010/09/13 8.31b (PWD, AO)
\bibhang=\skip51
\bibsep=\skip52
LaTeX Info: Redefining \cite on input line 694.
\c@NAT@ctr=\count290
)
Class revtex4-2 Info: Repairing natbib's \BibitemShut on input line 7676.

(C:\Users\jason\AppData\Local\Programs\MiKTeX\tex/latex/revtex\revsymb4-2.sty
Package: revsymb4-2 2022/06/05 4.2f (https://journals.aps.org/revtex/ for docum
entation)
LaTeX Info: Redefining \REV@mathfrak on input line 128.
)) (C:\Users\jason\AppData\Local\Programs\MiKTeX\tex/latex/amsmath\amsmath.sty
Package: amsmath 2025/07/09 v2.17z AMS math features
\@mathmargin=\skip53

For additional information on amsmath, use the `?' option.
(C:\Users\jason\AppData\Local\Programs\MiKTeX\tex/latex/amsmath\amstext.sty
Package: amstext 2024/11/17 v2.01 AMS text

(C:\Users\jason\AppData\Local\Programs\MiKTeX\tex/latex/amsmath\amsgen.sty
File: amsgen.sty 1999/11/30 v2.0 generic functions
\@emptytoks=\toks19
\ex@=\dimen148
)
LaTeX Info: Redefining \text on input line 28.
)
(C:\Users\jason\AppData\Local\Programs\MiKTeX\tex/latex/amsmath\amsbsy.sty
Package: amsbsy 1999/11/29 v1.2d Bold Symbols
\pmbraise@=\dimen149
)
(C:\Users\jason\AppData\Local\Programs\MiKTeX\tex/latex/amsmath\amsopn.sty
Package: amsopn 2022/04/08 v2.04 operator names
)
\inf@bad=\count291
LaTeX Info: Redefining \frac on input line 233.
\uproot@=\count292
\leftroot@=\count293
LaTeX Info: Redefining \overline on input line 398.
LaTeX Info: Redefining \colon on input line 409.
\classnum@=\count294
\DOTSCASE@=\count295
LaTeX Info: Redefining \ldots on input line 495.
LaTeX Info: Redefining \dots on input line 498.
LaTeX Info: Redefining \cdots on input line 619.
\Mathstrutbox@=\box68
\strutbox@=\box69
LaTeX Info: Redefining \big on input line 721.
LaTeX Info: Redefining \Big on input line 722.
LaTeX Info: Redefining \bigg on input line 723.
LaTeX Info: Redefining \Bigg on input line 724.
\big@size=\dimen150
LaTeX Font Info:    Redeclaring font encoding OML on input line 742.
LaTeX Font Info:    Redeclaring font encoding OMS on input line 743.
\macc@depth=\count296
LaTeX Info: Redefining \bmod on input line 904.
LaTeX Info: Redefining \pmod on input line 909.
LaTeX Info: Redefining \smash on input line 939.
LaTeX Info: Redefining \relbar on input line 969.
LaTeX Info: Redefining \Relbar on input line 970.
\c@MaxMatrixCols=\count297
\dotsspace@=\muskip18
\c@parentequation=\count298
\dspbrk@lvl=\count299
\tag@help=\toks20
\row@=\count300
\column@=\count301
\maxfields@=\count302
\andhelp@=\toks21
\eqnshift@=\dimen151
\alignsep@=\dimen152
\tagshift@=\dimen153
\tagwidth@=\dimen154
\totwidth@=\dimen155
\lineht@=\dimen156
\@envbody=\toks22
\multlinegap=\skip54
\multlinetaggap=\skip55
\mathdisplay@stack=\toks23
LaTeX Info: Redefining \[ on input line 2950.
LaTeX Info: Redefining \] on input line 2951.
)
(C:\Users\jason\AppData\Local\Programs\MiKTeX\tex/latex/amsfonts\amssymb.sty
Package: amssymb 2013/01/14 v3.01 AMS font symbols

(C:\Users\jason\AppData\Local\Programs\MiKTeX\tex/latex/amsfonts\amsfonts.sty
Package: amsfonts 2013/01/14 v3.01 Basic AMSFonts support
\symAMSa=\mathgroup4
\symAMSb=\mathgroup5
LaTeX Font Info:    Redeclaring math symbol \hbar on input line 98.
LaTeX Font Info:    Overwriting math alphabet `\mathfrak' in version `bold'
(Font)                  U/euf/m/n --> U/euf/b/n on input line 106.
LaTeX Info: Redefining \frak on input line 111.
LaTeX Info: Redefining \Bbb on input line 113.
)) (C:\Users\jason\AppData\Local\Programs\MiKTeX\tex/latex/graphics\graphicx.st
y
Package: graphicx 2024/12/31 v1.2e Enhanced LaTeX Graphics (DPC,SPQR)

(C:\Users\jason\AppData\Local\Programs\MiKTeX\tex/latex/graphics\keyval.sty
Package: keyval 2022/05/29 v1.15 key=value parser (DPC)
\KV@toks@=\toks24
)
(C:\Users\jason\AppData\Local\Programs\MiKTeX\tex/latex/graphics\graphics.sty
Package: graphics 2024/08/06 v1.4g Standard LaTeX Graphics (DPC,SPQR)

(C:\Users\jason\AppData\Local\Programs\MiKTeX\tex/latex/graphics\trig.sty
Package: trig 2023/12/02 v1.11 sin cos tan (DPC)
)
(C:\Users\jason\AppData\Local\Programs\MiKTeX\tex/latex/graphics-cfg\graphics.c
fg
File: graphics.cfg 2016/06/04 v1.11 sample graphics configuration
)
Package graphics Info: Driver file: pdftex.def on input line 106.

(C:\Users\jason\AppData\Local\Programs\MiKTeX\tex/latex/graphics-def\pdftex.def
File: pdftex.def 2025/09/29 v1.2d Graphics/color driver for pdftex
))
\Gin@req@height=\dimen157
\Gin@req@width=\dimen158
)
Class revtex4-2 Info: Unrecognized LaTeX tabular. Please update this document c
lass! (Proceeding with fingers crossed.) on input line 6.
Class revtex4-2 Info: cite was not loaded (OK!) on input line 6.
Class revtex4-2 Info: mcite was not loaded (OK!) on input line 6.
Class revtex4-2 Info: multicol was not loaded (OK!) on input line 6.

(C:\Users\jason\AppData\Local\Programs\MiKTeX\tex/latex/l3backend\l3backend-pdf
tex.def
File: l3backend-pdftex.def 2025-10-09 L3 backend support: PDF output (pdfTeX)
\l__color_backend_stack_int=\count303
) (manuscript.aux)
\openout1 = `manuscript.aux'.

LaTeX Font Info:    Checking defaults for OML/cmm/m/it on input line 6.
LaTeX Font Info:    ... okay on input line 6.
LaTeX Font Info:    Checking defaults for OMS/cmsy/m/n on input line 6.
LaTeX Font Info:    ... okay on input line 6.
LaTeX Font Info:    Checking defaults for OT1/cmr/m/n on input line 6.
LaTeX Font Info:    ... okay on input line 6.
LaTeX Font Info:    Checking defaults for T1/cmr/m/n on input line 6.
LaTeX Font Info:    ... okay on input line 6.
LaTeX Font Info:    Checking defaults for TS1/cmr/m/n on input line 6.
LaTeX Font Info:    ... okay on input line 6.
LaTeX Font Info:    Checking defaults for OMX/cmex/m/n on input line 6.
LaTeX Font Info:    ... okay on input line 6.
LaTeX Font Info:    Checking defaults for U/cmr/m/n on input line 6.
LaTeX Font Info:    ... okay on input line 6.

(C:\Users\jason\AppData\Local\Programs\MiKTeX\tex/context/base/mkii\supp-pdf.mk
ii
[Loading MPS to PDF converter (version 2006.09.02).]
\scratchcounter=\count304
\scratchdimen=\dimen159
\scratchbox=\box70
\nofMPsegments=\count305
\nofMParguments=\count306
\everyMPshowfont=\toks25
\MPscratchCnt=\count307
\MPscratchDim=\dimen160
\MPnumerator=\count308
\makeMPintoPDFobject=\count309
\everyMPtoPDFconversion=\toks26
)
(C:\Users\jason\AppData\Local\Programs\MiKTeX\tex/latex/epstopdf-pkg\epstopdf-b
ase.sty
Package: epstopdf-base 2020-01-24 v2.11 Base part for package epstopdf
Package epstopdf-base Info: Redefining graphics rule for `.eps' on input line 4
85.

(C:\Users\jason\AppData\Local\Programs\MiKTeX\tex/latex/00miktex\epstopdf-sys.c
fg
File: epstopdf-sys.cfg 2021/03/18 v2.0 Configuration of epstopdf for MiKTeX
))
\openout3 = `manuscriptNotes.bib'.

LaTeX Font Info:    Trying to load font information for U+msa on input line 17.

 (C:\Users\jason\AppData\Local\Programs\MiKTeX\tex/latex/amsfonts\umsa.fd
File: umsa.fd 2013/01/14 v3.01 AMS symbols A
)
LaTeX Font Info:    Trying to load font information for U+msb on input line 17.


(C:\Users\jason\AppData\Local\Programs\MiKTeX\tex/latex/amsfonts\umsb.fd
File: umsb.fd 2013/01/14 v3.01 AMS symbols B
)

Package natbib Warning: Citation `DuttonSEFI2026' on page 1 undefined on input 
line 17.


Package natbib Warning: Citation `DuttonElectronField2026' on page 1 undefined 
on input line 17.


Package natbib Warning: Citation `DuttonSEFI2026' on page 1 undefined on input 
line 19.


Package natbib Warning: Citation `DuttonElectronField2026' on page 1 undefined 
on input line 19.


LaTeX Warning: Reference `fig:stability_surface' on page 1 undefined on input l
ine 24.


Package natbib Warning: Citation `DuttonSEFI2026' on page 1 undefined on input 
line 33.


Package natbib Warning: Citation `DuttonElectronField2026' on page 1 undefined 
on input line 33.


Package natbib Warning: Citation `DuttonSEFI2026' on page 1 undefined on input 
line 35.


Package natbib Warning: Citation `DuttonElectronField2026' on page 1 undefined 
on input line 35.


LaTeX Warning: Reference `fig:stability_surface' on page 1 undefined on input l
ine 40.


Package natbib Warning: Citation `DuttonSEFI2026' on page 1 undefined on input 
line 45.


Package natbib Warning: Citation `DuttonElectronField2026' on page 1 undefined 
on input line 52.


LaTeX Warning: Reference `fig:mode_evolution' on page 1 undefined on input line
 58.


Package natbib Warning: Citation `DuttonSEFI2026' on page 1 undefined on input 
line 62.


Package natbib Warning: Citation `DuttonElectronField2026' on page 1 undefined 
on input line 64.


LaTeX Warning: Reference `fig:sefi_invariants' on page 1 undefined on input lin
e 68.


Package natbib Warning: Citation `DuttonSEFI2026' on page 1 undefined on input 
line 73.


Package natbib Warning: Citation `DuttonElectronField2026' on page 1 undefined 
on input line 73.


LaTeX Warning: Reference `fig:error_displacement' on page 1 undefined on input 
line 76.


Package natbib Warning: Citation `DuttonElectronField2026' on page 1 undefined 
on input line 82.


LaTeX Warning: Reference `fig:correction_dynamics' on page 1 undefined on input
 line 85.


Package natbib Warning: Citation `DuttonSEFI2026' on page 1 undefined on input 
line 89.


Underfull \hbox (badness 4518) in paragraph at lines 87--96
[]\OT1/cmr/m/n/10 By fram-ing pho-tonic QEC in terms of DEFI
 []


Underfull \hbox (badness 10000) in paragraph at lines 87--96
\OT1/cmr/m/n/10 sta-bil-ity sur-faces and world-line ge-om-e-try, the
 []


Underfull \hbox (badness 10000) in paragraph at lines 87--96
\OT1/cmr/m/n/10 SEFI/GWFM/DEFI ap-proach pro-vides a phys-i-
 []

[1{C:/Users/jason/AppData/Local/MiKTeX/fonts/map/pdftex/pdftex.map}]

Package natbib Warning: Citation `DuttonSEFI2026' on page 2 undefined on input 
line 99.


LaTeX Warning: Reference `fig:sefi_invariants' on page 2 undefined on input lin
e 103.


Package natbib Warning: Citation `DuttonSEFI2026' on page 2 undefined on input 
line 106.


Package natbib Warning: Citation `DuttonElectronField2026' on page 2 undefined 
on input line 106.


Underfull \hbox (badness 1132) in paragraph at lines 106--110
\OT1/cmr/m/n/10 plies the identity-layer sovereignty con-di-tions, while
 []


Package natbib Warning: Citation `DuttonElectronField2026' on page 2 undefined 
on input line 121.


Underfull \hbox (badness 1418) in paragraph at lines 120--125
\OT1/cmr/m/n/10 straints char-ac-ter-iz-ing ideal evolution.$[]$ These con-
 []


Package natbib Warning: Citation `DuttonElectronField2026' on page 2 undefined 
on input line 138.


Package natbib Warning: Citation `DuttonSEFI2026' on page 2 undefined on input 
line 150.


Package natbib Warning: Citation `DuttonElectronField2026' on page 2 undefined 
on input line 157.


LaTeX Warning: Reference `fig:stability_surface' on page 2 undefined on input l
ine 160.


Package natbib Warning: Citation `DuttonElectronField2026' on page 2 undefined 
on input line 173.


LaTeX Warning: Reference `fig:error_displacement' on page 2 undefined on input 
line 173.


Package natbib Warning: Citation `DuttonSEFI2026' on page 2 undefined on input 
line 175.


Underfull \hbox (badness 1859) in paragraph at lines 180--183
[]\OT1/cmr/m/n/10 SEFI sta-bil-ity ge-om-e-try there-fore es-tab-lishes the
 []


Underfull \hbox (badness 1325) in paragraph at lines 180--183
\OT1/cmr/m/n/10 identity-layer struc-ture of pho-tonic mode evo-lu-tion.
 []


Package natbib Warning: Citation `DuttonElectronField2026' on page 2 undefined 
on input line 185.


LaTeX Warning: Reference `fig:gwfm_geometry' on page 2 undefined on input line 
190.

[2]

Package natbib Warning: Citation `DuttonSEFI2026' on page 3 undefined on input 
line 195.


Package natbib Warning: Citation `DuttonElectronField2026' on page 3 undefined 
on input line 195.


Package natbib Warning: Citation `DuttonElectronField2026' on page 3 undefined 
on input line 220.


Underfull \hbox (badness 1325) in paragraph at lines 247--249
[]\OT1/cmr/m/n/10 Under ideal evo-lu-tion, the world-line sat-is-fies the
 []


Package natbib Warning: Citation `DuttonSEFI2026' on page 3 undefined on input 
line 259.


Package natbib Warning: Citation `DuttonElectronField2026' on page 3 undefined 
on input line 265.


Package natbib Warning: Citation `DuttonElectronField2026' on page 3 undefined 
on input line 284.


LaTeX Warning: Reference `fig:error_vector_field' on page 3 undefined on input 
line 284.


Package natbib Warning: Citation `DuttonSEFI2026' on page 3 undefined on input 
line 287.


Package natbib Warning: Citation `DuttonElectronField2026' on page 3 undefined 
on input line 301.


LaTeX Warning: Reference `fig:error_displacement' on page 3 undefined on input 
line 303.


Package natbib Warning: Citation `DuttonElectronField2026' on page 3 undefined 
on input line 314.

[3]

Package natbib Warning: Citation `DuttonElectronField2026' on page 4 undefined 
on input line 330.


LaTeX Warning: Reference `fig:error_vector_field' on page 4 undefined on input 
line 335.


Package natbib Warning: Citation `DuttonElectronField2026' on page 4 undefined 
on input line 355.


Package natbib Warning: Citation `DuttonSEFI2026' on page 4 undefined on input 
line 360.


Package natbib Warning: Citation `DuttonElectronField2026' on page 4 undefined 
on input line 368.


Package natbib Warning: Citation `DuttonElectronField2026' on page 4 undefined 
on input line 372.


Package natbib Warning: Citation `DuttonSEFI2026' on page 4 undefined on input 
line 383.


Package natbib Warning: Citation `DuttonElectronField2026' on page 4 undefined 
on input line 383.


LaTeX Warning: Reference `fig:correction_dynamics' on page 4 undefined on input
 line 386.


Package natbib Warning: Citation `DuttonSEFI2026' on page 4 undefined on input 
line 389.


Package natbib Warning: Citation `DuttonElectronField2026' on page 4 undefined 
on input line 409.


LaTeX Warning: Reference `fig:projection_mapping' on page 4 undefined on input 
line 412.


Package natbib Warning: Citation `DuttonElectronField2026' on page 4 undefined 
on input line 426.

[4]

Package natbib Warning: Citation `DuttonElectronField2026' on page 5 undefined 
on input line 437.


Package natbib Warning: Citation `DuttonSEFI2026' on page 5 undefined on input 
line 442.


Underfull \hbox (badness 1596) in paragraph at lines 441--446
[]\OT1/cmr/m/n/10 In the DEFI in-ter-pre-ta-tion, this map-ping cor-re-
 []


Package natbib Warning: Citation `DuttonElectronField2026' on page 5 undefined 
on input line 448.


Package natbib Warning: Citation `DuttonSEFI2026' on page 5 undefined on input 
line 461.


Package natbib Warning: Citation `DuttonElectronField2026' on page 5 undefined 
on input line 461.


LaTeX Warning: Reference `fig:qec_stack' on page 5 undefined on input line 467.



Package natbib Warning: Citation `DuttonElectronField2026' on page 5 undefined 
on input line 473.


Package natbib Warning: Citation `DuttonSEFI2026' on page 5 undefined on input 
line 481.


Package natbib Warning: Citation `DuttonElectronField2026' on page 5 undefined 
on input line 491.


LaTeX Warning: Reference `fig:mode_evolution' on page 5 undefined on input line
 491.


Package natbib Warning: Citation `DuttonElectronField2026' on page 5 undefined 
on input line 495.


Package natbib Warning: Citation `DuttonElectronField2026' on page 5 undefined 
on input line 501.


Package natbib Warning: Citation `DuttonSEFI2026' on page 5 undefined on input 
line 511.


Package natbib Warning: Citation `DuttonElectronField2026' on page 5 undefined 
on input line 517.

[5]

Package natbib Warning: Citation `DuttonSEFI2026' on page 6 undefined on input 
line 528.


Package natbib Warning: Citation `DuttonElectronField2026' on page 6 undefined 
on input line 543.


Package natbib Warning: Citation `DuttonSEFI2026' on page 6 undefined on input 
line 543.


LaTeX Warning: Reference `fig:validation_surface' on page 6 undefined on input 
line 545.


Package natbib Warning: Citation `DuttonElectronField2026' on page 6 undefined 
on input line 557.


Package natbib Warning: Citation `DuttonSEFI2026' on page 6 undefined on input 
line 572.


Package natbib Warning: Citation `DuttonElectronField2026' on page 6 undefined 
on input line 586.


LaTeX Warning: Reference `fig:validation_displacement' on page 6 undefined on i
nput line 596.


Underfull \hbox (badness 4036) in paragraph at lines 599--602
[]\OT1/cmr/m/n/10 The dis-placed world-line no longer sat-is-fies the
 []


Package natbib Warning: Citation `DuttonElectronField2026' on page 6 undefined 
on input line 611.


Package natbib Warning: Citation `DuttonElectronField2026' on page 6 undefined 
on input line 629.


Package natbib Warning: Citation `DuttonSEFI2026' on page 6 undefined on input 
line 643.


LaTeX Warning: Reference `fig:validation_correction' on page 6 undefined on inp
ut line 653.


Package natbib Warning: Citation `DuttonSEFI2026' on page 6 undefined on input 
line 656.


Package natbib Warning: Citation `DuttonElectronField2026' on page 6 undefined 
on input line 664.


Underfull \hbox (badness 10000) in paragraph at lines 661--669
[]\OT1/cmr/m/n/10 This val-i-da-tion ex-am-ple con-firms that the
 []


Underfull \hbox (badness 7151) in paragraph at lines 661--669
\OT1/cmr/m/n/10 SEFI/GWFM/DEFI ge-o-met-ric frame-work pro-vides
 []


Underfull \hbox (badness 3333) in paragraph at lines 661--669
\OT1/cmr/m/n/10 cor-rect-ing pho-tonic errors.$[]$ The ge-o-met-ric rep-re-
 []


Underfull \hbox (badness 1675) in paragraph at lines 661--669
\OT1/cmr/m/n/10 sen-ta-tion of sta-bil-ity de-vi-a-tion, er-ror dis-place-ment,

 []

[6]

Package natbib Warning: Citation `DuttonSEFI2026' on page 7 undefined on input 
line 672.


Package natbib Warning: Citation `DuttonElectronField2026' on page 7 undefined 
on input line 672.


LaTeX Warning: Reference `fig:discussion_geometry' on page 7 undefined on input
 line 677.


Package natbib Warning: Citation `DuttonElectronField2026' on page 7 undefined 
on input line 681.


Package natbib Warning: Citation `DuttonSEFI2026' on page 7 undefined on input 
line 692.


LaTeX Warning: Reference `fig:projection_mapping' on page 7 undefined on input 
line 696.


Underfull \hbox (badness 2573) in paragraph at lines 691--698
[]\OT1/cmr/m/n/10 The cor-rec-tion map-ping de-vel-oped in Sec-tion 5
 []


Underfull \hbox (badness 2073) in paragraph at lines 691--698
\OT1/cmr/m/n/10 demon-strates how ge-o-met-ric pro-jec-tion can re-store
 []


Package natbib Warning: Citation `DuttonElectronField2026' on page 7 undefined 
on input line 699.


LaTeX Warning: Reference `fig:validation_correction' on page 7 undefined on inp
ut line 704.


Package natbib Warning: Citation `DuttonElectronField2026' on page 7 undefined 
on input line 721.


LaTeX Warning: File `fig9.jpg' not found on input line 740.


! Package pdftex.def Error: File `fig9.jpg' not found: using draft setting.

See the pdftex.def package documentation for explanation.
Type  H <return>  for immediate help.
 ...                                              
                                                  
l.740 ...egraphics[width=0.48\textwidth]{fig9.jpg}
                                                  
Try typing  <return>  to proceed.
If that doesn't work, type  X <return>  to quit.


LaTeX Warning: File `fig8.jpg' not found on input line 747.


! Package pdftex.def Error: File `fig8.jpg' not found: using draft setting.

See the pdftex.def package documentation for explanation.
Type  H <return>  for immediate help.
 ...                                              
                                                  
l.747 ...egraphics[width=0.48\textwidth]{fig8.jpg}
                                                  
Try typing  <return>  to proceed.
If that doesn't work, type  X <return>  to quit.


LaTeX Warning: File `fig2.jpg' not found on input line 754.


! Package pdftex.def Error: File `fig2.jpg' not found: using draft setting.

See the pdftex.def package documentation for explanation.
Type  H <return>  for immediate help.
 ...                                              
                                                  
l.754 ...egraphics[width=0.48\textwidth]{fig2.jpg}
                                                  
Try typing  <return>  to proceed.
If that doesn't work, type  X <return>  to quit.


LaTeX Warning: File `fig7.jpg' not found on input line 761.


! Package pdftex.def Error: File `fig7.jpg' not found: using draft setting.

See the pdftex.def package documentation for explanation.
Type  H <return>  for immediate help.
 ...                                              
                                                  
l.761 ...egraphics[width=0.48\textwidth]{fig7.jpg}
                                                  
Try typing  <return>  to proceed.
If that doesn't work, type  X <return>  to quit.


LaTeX Warning: File `fig1.jpg' not found on input line 768.


! Package pdftex.def Error: File `fig1.jpg' not found: using draft setting.

See the pdftex.def package documentation for explanation.
Type  H <return>  for immediate help.
 ...                                              
                                                  
l.768 ...egraphics[width=0.48\textwidth]{fig1.jpg}
                                                  
Try typing  <return>  to proceed.
If that doesn't work, type  X <return>  to quit.


LaTeX Warning: File `fig6.jpg' not found on input line 776.


! Package pdftex.def Error: File `fig6.jpg' not found: using draft setting.

See the pdftex.def package documentation for explanation.
Type  H <return>  for immediate help.
 ...                                              
                                                  
l.776 ...egraphics[width=0.48\textwidth]{fig6.jpg}
                                                  
Try typing  <return>  to proceed.
If that doesn't work, type  X <return>  to quit.


LaTeX Warning: File `fig5.jpg' not found on input line 783.


! Package pdftex.def Error: File `fig5.jpg' not found: using draft setting.

See the pdftex.def package documentation for explanation.
Type  H <return>  for immediate help.
 ...                                              
                                                  
l.783 ...egraphics[width=0.48\textwidth]{fig5.jpg}
                                                  
Try typing  <return>  to proceed.
If that doesn't work, type  X <return>  to quit.


LaTeX Warning: File `fig3.jpg' not found on input line 790.


! Package pdftex.def Error: File `fig3.jpg' not found: using draft setting.

See the pdftex.def package documentation for explanation.
Type  H <return>  for immediate help.
 ...                                              
                                                  
l.790 ...egraphics[width=0.48\textwidth]{fig3.jpg}
                                                  
Try typing  <return>  to proceed.
If that doesn't work, type  X <return>  to quit.


LaTeX Warning: File `fig9.jpg' not found on input line 798.


! Package pdftex.def Error: File `fig9.jpg' not found: using draft setting.

See the pdftex.def package documentation for explanation.
Type  H <return>  for immediate help.
 ...                                              
                                                  
l.798 ...egraphics[width=0.48\textwidth]{fig9.jpg}
                                                  
Try typing  <return>  to proceed.
If that doesn't work, type  X <return>  to quit.


LaTeX Warning: File `fig10.jpg' not found on input line 805.


! Package pdftex.def Error: File `fig10.jpg' not found: using draft setting.

See the pdftex.def package documentation for explanation.
Type  H <return>  for immediate help.
 ...                                              
                                                  
l.805 ...graphics[width=0.48\textwidth]{fig10.jpg}
                                                  
Try typing  <return>  to proceed.
If that doesn't work, type  X <return>  to quit.


LaTeX Warning: Reference `LastBibItem' on page 7 undefined on input line 815.

No file manuscript.bbl.

Package natbib Warning: Empty `thebibliography' environment on input line 852.


Package natbib Warning: There were undefined citations.

[7] [8] [9] [10] [11] [12] (manuscript.aux)
 ***********
LaTeX2e <2025-11-01>
L3 programming layer <2025-12-24>
 ***********


LaTeX Warning: There were undefined references.


LaTeX Warning: Label(s) may have changed. Rerun to get cross-references right.

 ) 
Here is how much of TeX's memory you used:
 4957 strings out of 467871
 71114 string characters out of 5418377
 522613 words of memory out of 5000000
 33806 multiletter control sequences out of 15000+600000
 637479 words of font info for 78 fonts, out of 8000000 for 9000
 1141 hyphenation exceptions out of 8191
 57i,6n,65p,399b,345s stack positions out of 10000i,1000n,20000p,200000b,200000s
<C:/Users/jason/AppData/Local/Programs/MiKTeX/fonts/type1/public/amsfonts/cm/
cmbx10.pfb><C:/Users/jason/AppData/Local/Programs/MiKTeX/fonts/type1/public/ams
fonts/cm/cmbx7.pfb><C:/Users/jason/AppData/Local/Programs/MiKTeX/fonts/type1/pu
blic/amsfonts/cm/cmmi10.pfb><C:/Users/jason/AppData/Local/Programs/MiKTeX/fonts
/type1/public/amsfonts/cm/cmmi7.pfb><C:/Users/jason/AppData/Local/Programs/MiKT
eX/fonts/type1/public/amsfonts/cm/cmr10.pfb><C:/Users/jason/AppData/Local/Progr
ams/MiKTeX/fonts/type1/public/amsfonts/cm/cmr7.pfb><C:/Users/jason/AppData/Loca
l/Programs/MiKTeX/fonts/type1/public/amsfonts/cm/cmr8.pfb><C:/Users/jason/AppDa
ta/Local/Programs/MiKTeX/fonts/type1/public/amsfonts/cm/cmr9.pfb><C:/Users/jaso
n/AppData/Local/Programs/MiKTeX/fonts/type1/public/amsfonts/cm/cmss10.pfb><C:/U
sers/jason/AppData/Local/Programs/MiKTeX/fonts/type1/public/amsfonts/cm/cmssbx1
0.pfb><C:/Users/jason/AppData/Local/Programs/MiKTeX/fonts/type1/public/amsfonts
/cm/cmsy10.pfb><C:/Users/jason/AppData/Local/Programs/MiKTeX/fonts/type1/public
/amsfonts/cm/cmti9.pfb><C:/Users/jason/AppData/Local/Programs/MiKTeX/fonts/type
1/public/amsfonts/cm/cmtt8.pfb><C:/Users/jason/AppData/Local/Programs/MiKTeX/fo
nts/type1/public/amsfonts/cm/cmtt9.pfb><C:/Users/jason/AppData/Local/Programs/M
iKTeX/fonts/type1/public/amsfonts/symbols/msbm10.pfb>
Output written on manuscript.pdf (12 pages, 224690 bytes).
PDF statistics:
 116 PDF objects out of 1000 (max. 8388607)
 0 named destinations out of 1000 (max. 500000)
 1 words of extra memory for PDF output out of 10000 (max. 10000000)

