\BOOKMARK [0][-]{section*.2}{\376\377\000U\000n\000i\000f\000i\000e\000d\000\040\000G\000e\000o\000m\000e\000t\000r\000i\000c\000\040\000F\000i\000e\000l\000d\000\040\000T\000h\000e\000o\000r\000y\000\040\000f\000r\000o\000m\000\040\000W\000o\000r\000l\000d\000l\000i\000n\000e\000\040\000a\000n\000d\000\040\000I\000d\000e\000n\000t\000i\000t\000y\000-\000S\000p\000a\000c\000e\000\040\000I\000n\000v\000a\000r\000i\000a\000n\000t\000s}{}% 2
\BOOKMARK [1][-]{section*.1}{\376\377\000A\000b\000s\000t\000r\000a\000c\000t}{section*.2}% 1
\BOOKMARK [1][-]{section*.3}{\376\377\000U\000n\000i\000f\000i\000e\000d\000\040\000T\000r\000a\000n\000s\000f\000o\000r\000m\000a\000t\000i\000o\000n\000\040\000O\000p\000e\000r\000a\000t\000o\000r}{section*.2}% 3
\BOOKMARK [2][-]{section*.4}{\376\377\000D\000o\000m\000a\000i\000n\000\040\000o\000f\000\040\000t\000h\000e\000\040\000O\000p\000e\000r\000a\000t\000o\000r}{section*.3}% 4
\BOOKMARK [2][-]{section*.5}{\376\377\000G\000e\000o\000m\000e\000t\000r\000i\000c\000\040\000C\000o\000m\000p\000o\000n\000e\000n\000t\000s}{section*.3}% 5
\BOOKMARK [2][-]{section*.6}{\376\377\000S\000o\000v\000e\000r\000e\000i\000g\000n\000t\000y\000\040\000a\000n\000d\000\040\000D\000y\000n\000a\000m\000i\000c\000a\000l\000\040\000I\000n\000v\000a\000r\000i\000a\000n\000t\000s}{section*.3}% 6
\BOOKMARK [2][-]{section*.7}{\376\377\000D\000e\000f\000i\000n\000i\000t\000i\000o\000n\000\040\000o\000f\000\040\000t\000h\000e\000\040\000U\000n\000i\000f\000i\000e\000d\000\040\000O\000p\000e\000r\000a\000t\000o\000r}{section*.3}% 7
\BOOKMARK [2][-]{section*.8}{\376\377\000E\000i\000g\000e\000n\000v\000a\000l\000u\000e\000\040\000P\000r\000o\000b\000l\000e\000m}{section*.3}% 8
\BOOKMARK [2][-]{section*.9}{\376\377\000O\000p\000e\000r\000a\000t\000o\000r\000\040\000I\000n\000v\000a\000r\000i\000a\000n\000t\000s}{section*.3}% 9
\BOOKMARK [2][-]{section*.10}{\376\377\000U\000n\000i\000f\000i\000e\000d\000\040\000I\000n\000t\000e\000r\000p\000r\000e\000t\000a\000t\000i\000o\000n}{section*.3}% 10
\BOOKMARK [1][-]{section*.11}{\376\377\000S\000t\000a\000b\000i\000l\000i\000t\000y\000\040\000M\000a\000n\000i\000f\000o\000l\000d\000s\000\040\000a\000n\000d\000\040\000S\000o\000v\000e\000r\000e\000i\000g\000n\000t\000y\000\040\000G\000e\000o\000m\000e\000t\000r\000y}{section*.2}% 11
\BOOKMARK [2][-]{section*.12}{\376\377\000D\000e\000f\000i\000n\000i\000t\000i\000o\000n\000\040\000o\000f\000\040\000S\000t\000a\000b\000i\000l\000i\000t\000y\000\040\000M\000a\000n\000i\000f\000o\000l\000d\000s}{section*.11}% 12
\BOOKMARK [2][-]{section*.13}{\376\377\000S\000p\000a\000c\000e\000t\000i\000m\000e\000\040\000S\000t\000a\000b\000i\000l\000i\000t\000y\000\040\000C\000o\000n\000d\000i\000t\000i\000o\000n\000s}{section*.11}% 13
\BOOKMARK [2][-]{section*.14}{\376\377\000I\000d\000e\000n\000t\000i\000t\000y\000-\000S\000p\000a\000c\000e\000\040\000S\000t\000a\000b\000i\000l\000i\000t\000y\000\040\000C\000o\000n\000d\000i\000t\000i\000o\000n\000s}{section*.11}% 14
\BOOKMARK [2][-]{section*.15}{\376\377\000S\000o\000v\000e\000r\000e\000i\000g\000n\000t\000y\000\040\000G\000e\000o\000m\000e\000t\000r\000y}{section*.11}% 15
\BOOKMARK [2][-]{section*.16}{\376\377\000D\000y\000n\000a\000m\000i\000c\000a\000l\000\040\000S\000t\000a\000b\000i\000l\000i\000t\000y\000\040\000C\000o\000n\000d\000i\000t\000i\000o\000n\000s}{section*.11}% 16
\BOOKMARK [2][-]{section*.17}{\376\377\000P\000r\000o\000j\000e\000c\000t\000i\000o\000n\000\040\000o\000n\000t\000o\000\040\000S\000t\000a\000b\000i\000l\000i\000t\000y\000\040\000M\000a\000n\000i\000f\000o\000l\000d\000s}{section*.11}% 17
\BOOKMARK [2][-]{section*.18}{\376\377\000U\000n\000i\000f\000i\000e\000d\000\040\000I\000n\000t\000e\000r\000p\000r\000e\000t\000a\000t\000i\000o\000n}{section*.11}% 18
\BOOKMARK [1][-]{section*.19}{\376\377\000E\000r\000r\000o\000r\000\040\000D\000i\000s\000p\000l\000a\000c\000e\000m\000e\000n\000t\000\040\000G\000e\000o\000m\000e\000t\000r\000y}{section*.2}% 19
\BOOKMARK [2][-]{section*.20}{\376\377\000D\000i\000s\000p\000l\000a\000c\000e\000m\000e\000n\000t\000\040\000f\000r\000o\000m\000\040\000t\000h\000e\000\040\000S\000t\000a\000b\000i\000l\000i\000t\000y\000\040\000M\000a\000n\000i\000f\000o\000l\000d}{section*.19}% 20
\BOOKMARK [2][-]{section*.21}{\376\377\000S\000p\000a\000c\000e\000t\000i\000m\000e\000\040\000D\000i\000s\000p\000l\000a\000c\000e\000m\000e\000n\000t}{section*.19}% 21
\BOOKMARK [2][-]{section*.22}{\376\377\000I\000d\000e\000n\000t\000i\000t\000y\000-\000S\000p\000a\000c\000e\000\040\000D\000i\000s\000p\000l\000a\000c\000e\000m\000e\000n\000t}{section*.19}% 22
\BOOKMARK [2][-]{section*.23}{\376\377\000C\000u\000r\000v\000a\000t\000u\000r\000e\000\040\000a\000n\000d\000\040\000T\000o\000r\000s\000i\000o\000n\000\040\000D\000e\000v\000i\000a\000t\000i\000o\000n}{section*.19}% 23
\BOOKMARK [2][-]{section*.24}{\376\377\000I\000d\000e\000n\000t\000i\000t\000y\000-\000S\000p\000a\000c\000e\000\040\000V\000e\000l\000o\000c\000i\000t\000y\000\040\000a\000n\000d\000\040\000A\000c\000c\000e\000l\000e\000r\000a\000t\000i\000o\000n\000\040\000D\000e\000v\000i\000a\000t\000i\000o\000n}{section*.19}% 24
\BOOKMARK [2][-]{section*.25}{\376\377\000U\000n\000i\000f\000i\000e\000d\000\040\000E\000r\000r\000o\000r\000\040\000V\000e\000c\000t\000o\000r}{section*.19}% 25
\BOOKMARK [2][-]{section*.26}{\376\377\000U\000n\000i\000f\000i\000e\000d\000\040\000I\000n\000t\000e\000r\000p\000r\000e\000t\000a\000t\000i\000o\000n}{section*.19}% 26
\BOOKMARK [1][-]{section*.27}{\376\377\000C\000o\000r\000r\000e\000c\000t\000i\000o\000n\000\040\000M\000a\000p\000p\000i\000n\000g}{section*.2}% 27
\BOOKMARK [2][-]{section*.28}{\376\377\000G\000e\000o\000m\000e\000t\000r\000i\000c\000\040\000C\000o\000r\000r\000e\000c\000t\000i\000o\000n\000\040\000M\000a\000p\000p\000i\000n\000g}{section*.27}% 28
\BOOKMARK [2][-]{section*.29}{\376\377\000C\000o\000r\000r\000e\000c\000t\000e\000d\000\040\000W\000o\000r\000l\000d\000l\000i\000n\000e}{section*.27}% 29
\BOOKMARK [2][-]{section*.30}{\376\377\000C\000o\000r\000r\000e\000c\000t\000e\000d\000\040\000I\000d\000e\000n\000t\000i\000t\000y\000\040\000T\000r\000a\000j\000e\000c\000t\000o\000r\000y}{section*.27}% 30
\BOOKMARK [2][-]{section*.31}{\376\377\000C\000o\000r\000r\000e\000c\000t\000e\000d\000\040\000D\000y\000n\000a\000m\000i\000c\000a\000l\000\040\000I\000n\000v\000a\000r\000i\000a\000n\000t\000s}{section*.27}% 31
\BOOKMARK [2][-]{section*.32}{\376\377\000U\000n\000i\000f\000i\000e\000d\000\040\000C\000o\000r\000r\000e\000c\000t\000i\000o\000n\000\040\000O\000p\000e\000r\000a\000t\000o\000r}{section*.27}% 32
\BOOKMARK [2][-]{section*.33}{\376\377\000R\000e\000s\000t\000o\000r\000a\000t\000i\000o\000n\000\040\000o\000f\000\040\000I\000n\000v\000a\000r\000i\000a\000n\000t\000s}{section*.27}% 33
\BOOKMARK [2][-]{section*.34}{\376\377\000U\000n\000i\000f\000i\000e\000d\000\040\000I\000n\000t\000e\000r\000p\000r\000e\000t\000a\000t\000i\000o\000n}{section*.27}% 34
\BOOKMARK [1][-]{section*.35}{\376\377\000P\000h\000o\000t\000o\000n\000i\000c\000\040\000I\000m\000p\000l\000e\000m\000e\000n\000t\000a\000t\000i\000o\000n}{section*.2}% 35
\BOOKMARK [2][-]{section*.36}{\376\377\000P\000h\000o\000t\000o\000n\000i\000c\000\040\000W\000o\000r\000l\000d\000l\000i\000n\000e\000s}{section*.35}% 36
\BOOKMARK [2][-]{section*.37}{\376\377\000P\000h\000o\000t\000o\000n\000i\000c\000\040\000S\000t\000a\000b\000i\000l\000i\000t\000y\000\040\000S\000u\000r\000f\000a\000c\000e\000s}{section*.35}% 37
\BOOKMARK [2][-]{section*.38}{\376\377\000P\000h\000o\000t\000o\000n\000i\000c\000\040\000E\000r\000r\000o\000r\000\040\000G\000e\000o\000m\000e\000t\000r\000y}{section*.35}% 38
\BOOKMARK [2][-]{section*.43}{\376\377\000G\000e\000o\000m\000e\000t\000r\000i\000c\000\040\000S\000t\000a\000b\000i\000l\000i\000z\000e\000r\000s}{section*.35}% 39
\BOOKMARK [2][-]{section*.44}{\376\377\000S\000y\000n\000d\000r\000o\000m\000e\000\040\000G\000e\000o\000m\000e\000t\000r\000y}{section*.35}% 40
\BOOKMARK [2][-]{section*.45}{\376\377\000S\000P\000D\000C\000\040\000G\000e\000o\000m\000e\000t\000r\000y}{section*.35}% 41
\BOOKMARK [1][-]{section*.46}{\376\377\000C\000o\000s\000m\000o\000l\000o\000g\000i\000c\000a\000l\000\040\000E\000x\000t\000e\000n\000s\000i\000o\000n}{section*.2}% 42
\BOOKMARK [2][-]{section*.47}{\376\377\000F\000R\000W\000\040\000S\000p\000a\000c\000e\000t\000i\000m\000e\000\040\000a\000n\000d\000\040\000W\000o\000r\000l\000d\000l\000i\000n\000e\000\040\000G\000e\000o\000m\000e\000t\000r\000y}{section*.46}% 43
\BOOKMARK [2][-]{section*.48}{\376\377\000R\000e\000a\000l\000i\000t\000y\000\040\000F\000i\000e\000l\000d\000\040\000a\000n\000d\000\040\000I\000d\000e\000n\000t\000i\000t\000y\000-\000S\000p\000a\000c\000e\000\040\000E\000v\000o\000l\000u\000t\000i\000o\000n}{section*.46}% 44
\BOOKMARK [2][-]{section*.49}{\376\377\000C\000o\000s\000m\000o\000l\000o\000g\000i\000c\000a\000l\000\040\000I\000d\000e\000n\000t\000i\000t\000y\000-\000S\000p\000a\000c\000e\000\040\000S\000c\000a\000l\000i\000n\000g}{section*.46}% 45
\BOOKMARK [2][-]{section*.50}{\376\377\000E\000l\000e\000c\000t\000r\000o\000n\040\023\000P\000o\000s\000i\000t\000r\000o\000n\000\040\000S\000y\000m\000m\000e\000t\000r\000y\000\040\000a\000n\000d\000\040\000O\000r\000i\000e\000n\000t\000a\000t\000i\000o\000n\000\040\000S\000e\000c\000t\000o\000r\000s}{section*.46}% 46
\BOOKMARK [2][-]{section*.51}{\376\377\000S\000o\000v\000e\000r\000e\000i\000g\000n\000t\000y\000\040\000S\000a\000t\000u\000r\000a\000t\000i\000o\000n\000\040\000a\000n\000d\000\040\000I\000n\000f\000l\000a\000t\000i\000o\000n}{section*.46}% 47
\BOOKMARK [2][-]{section*.52}{\376\377\000C\000o\000s\000m\000o\000l\000o\000g\000i\000c\000a\000l\000\040\000S\000t\000a\000b\000i\000l\000i\000t\000y\000\040\000S\000u\000r\000f\000a\000c\000e\000s}{section*.46}% 48
\BOOKMARK [2][-]{section*.53}{\376\377\000S\000p\000e\000c\000t\000r\000a\000l\000\040\000S\000t\000r\000u\000c\000t\000u\000r\000e\000\040\000i\000n\000\040\000E\000x\000p\000a\000n\000d\000i\000n\000g\000\040\000S\000p\000a\000c\000e\000t\000i\000m\000e}{section*.46}% 49
\BOOKMARK [2][-]{section*.54}{\376\377\000U\000n\000i\000f\000i\000e\000d\000\040\000I\000n\000t\000e\000r\000p\000r\000e\000t\000a\000t\000i\000o\000n}{section*.46}% 50
\BOOKMARK [1][-]{section*.55}{\376\377\000D\000i\000s\000c\000u\000s\000s\000i\000o\000n}{section*.2}% 51
\BOOKMARK [2][-]{section*.56}{\376\377\000I\000n\000t\000e\000r\000p\000r\000e\000t\000a\000t\000i\000o\000n\000\040\000o\000f\000\040\000t\000h\000e\000\040\000U\000n\000i\000f\000i\000e\000d\000\040\000O\000p\000e\000r\000a\000t\000o\000r}{section*.55}% 52
\BOOKMARK [2][-]{section*.57}{\376\377\000R\000e\000l\000a\000t\000i\000o\000n\000s\000h\000i\000p\000\040\000t\000o\000\040\000E\000s\000t\000a\000b\000l\000i\000s\000h\000e\000d\000\040\000P\000h\000y\000s\000i\000c\000s}{section*.55}% 53
\BOOKMARK [2][-]{section*.62}{\376\377\000P\000o\000i\000n\000t\000s\000\040\000o\000f\000\040\000D\000i\000s\000a\000g\000r\000e\000e\000m\000e\000n\000t\000\040\000w\000i\000t\000h\000\040\000C\000o\000n\000v\000e\000n\000t\000i\000o\000n\000a\000l\000\040\000M\000o\000d\000e\000l\000s}{section*.55}% 54
\BOOKMARK [2][-]{section*.67}{\376\377\000L\000i\000m\000i\000t\000a\000t\000i\000o\000n\000s}{section*.55}% 55
\BOOKMARK [2][-]{section*.68}{\376\377\000F\000u\000t\000u\000r\000e\000\040\000W\000o\000r\000k}{section*.55}% 56
\BOOKMARK [2][-]{section*.69}{\376\377\000U\000n\000i\000f\000i\000e\000d\000\040\000I\000n\000t\000e\000r\000p\000r\000e\000t\000a\000t\000i\000o\000n}{section*.55}% 57
\BOOKMARK [1][-]{section*.70}{\376\377\000C\000o\000n\000c\000l\000u\000s\000i\000o\000n}{section*.2}% 58
