\BOOKMARK [0][-]{section*.2}{\376\377\000P\000h\000o\000t\000o\000n\000i\000c\000\040\000Q\000u\000a\000n\000t\000u\000m\000\040\000E\000r\000r\000o\000r\000\040\000C\000o\000r\000r\000e\000c\000t\000i\000o\000n\000\040\000f\000r\000o\000m\000\040\000G\000e\000o\000m\000e\000t\000r\000i\000c\000\040\000S\000t\000a\000b\000i\000l\000i\000t\000y\000\040\000P\000r\000i\000n\000c\000i\000p\000l\000e\000s\000\040\000i\000n\000\040\000S\000E\000F\000I\000/\000G\000W\000F\000M}{}% 2
\BOOKMARK [1][-]{section*.1}{\376\377\000A\000b\000s\000t\000r\000a\000c\000t}{section*.2}% 1
\BOOKMARK [1][-]{section*.3}{\376\377\000I\000n\000t\000r\000o\000d\000u\000c\000t\000i\000o\000n}{section*.2}% 3
\BOOKMARK [1][-]{section*.4}{\376\377\000S\000E\000F\000I\000/\000G\000W\000F\000M\000\040\000S\000t\000a\000b\000i\000l\000i\000t\000y\000\040\000G\000e\000o\000m\000e\000t\000r\000y\000\040\000f\000o\000r\000\040\000P\000h\000o\000t\000o\000n\000i\000c\000\040\000M\000o\000d\000e\000s}{section*.2}% 4
\BOOKMARK [2][-]{section*.5}{\376\377\000F\000i\000e\000l\000d\000\040\000O\000r\000i\000g\000i\000n\000\040\000a\000n\000d\000\040\000P\000h\000o\000t\000o\000n\000i\000c\000\040\000I\000d\000e\000n\000t\000i\000t\000y}{section*.4}% 5
\BOOKMARK [2][-]{section*.6}{\376\377\000F\000i\000e\000l\000d\000\040\000S\000o\000v\000e\000r\000e\000i\000g\000n\000t\000y\000\040\000a\000n\000d\000\040\000S\000t\000a\000b\000i\000l\000i\000t\000y\000\040\000S\000u\000r\000f\000a\000c\000e\000s}{section*.4}% 6
\BOOKMARK [2][-]{section*.7}{\376\377\000G\000W\000F\000M\000\040\000W\000o\000r\000l\000d\000l\000i\000n\000e\000\040\000G\000e\000o\000m\000e\000t\000r\000y}{section*.4}% 7
\BOOKMARK [1][-]{section*.8}{\376\377\000G\000e\000o\000m\000e\000t\000r\000i\000c\000\040\000P\000h\000o\000t\000o\000n\000i\000c\000\040\000E\000r\000r\000o\000r\000\040\000S\000u\000r\000f\000a\000c\000e\000s}{section*.2}% 8
\BOOKMARK [2][-]{section*.9}{\376\377\000L\000o\000s\000s\000\040\000E\000r\000r\000o\000r\000s}{section*.8}% 9
\BOOKMARK [2][-]{section*.10}{\376\377\000D\000e\000p\000h\000a\000s\000i\000n\000g\000\040\000E\000r\000r\000o\000r\000s}{section*.8}% 10
\BOOKMARK [2][-]{section*.11}{\376\377\000M\000o\000d\000e\000-\000M\000i\000x\000i\000n\000g\000\040\000E\000r\000r\000o\000r\000s}{section*.8}% 11
\BOOKMARK [2][-]{section*.12}{\376\377\000S\000p\000e\000c\000t\000r\000a\000l\000\040\000W\000a\000n\000d\000e\000r\000i\000n\000g}{section*.8}% 12
\BOOKMARK [1][-]{section*.13}{\376\377\000G\000e\000o\000m\000e\000t\000r\000i\000c\000\040\000S\000t\000a\000b\000i\000l\000i\000z\000e\000r\000s\000\040\000a\000n\000d\000\040\000S\000y\000n\000d\000r\000o\000m\000e\000\040\000E\000x\000t\000r\000a\000c\000t\000i\000o\000n}{section*.2}% 13
\BOOKMARK [2][-]{section*.14}{\376\377\000S\000t\000a\000b\000i\000l\000i\000z\000e\000r\000\040\000G\000e\000o\000m\000e\000t\000r\000y}{section*.13}% 14
\BOOKMARK [2][-]{section*.15}{\376\377\000S\000y\000n\000d\000r\000o\000m\000e\000\040\000G\000e\000o\000m\000e\000t\000r\000y}{section*.13}% 15
\BOOKMARK [1][-]{section*.16}{\376\377\000S\000E\000F\000I\000/\000G\000W\000F\000M\000\040\000I\000n\000t\000e\000r\000p\000r\000e\000t\000a\000t\000i\000o\000n\000\040\000o\000f\000\040\000S\000P\000D\000C\000-\000B\000a\000s\000e\000d\000\040\000Q\000R\000N\000G}{section*.2}% 16
\BOOKMARK [1][-]{section*.17}{\376\377\000S\000E\000F\000I\000/\000G\000W\000F\000M\000\040\000I\000n\000t\000e\000r\000p\000r\000e\000t\000a\000t\000i\000o\000n\000\040\000o\000f\000\040\000C\000H\000S\000H\000\040\000B\000e\000l\000l\000-\000I\000n\000e\000q\000u\000a\000l\000i\000t\000y\000\040\000G\000e\000o\000m\000e\000t\000r\000y}{section*.2}% 17
\BOOKMARK [1][-]{section*.18}{\376\377\000E\000x\000p\000e\000r\000i\000m\000e\000n\000t\000a\000l\000\040\000I\000m\000p\000l\000e\000m\000e\000n\000t\000a\000t\000i\000o\000n}{section*.2}% 18
\BOOKMARK [2][-]{section*.19}{\376\377\000I\000n\000t\000e\000g\000r\000a\000t\000e\000d\000\040\000P\000h\000o\000t\000o\000n\000i\000c\000s}{section*.18}% 19
\BOOKMARK [2][-]{section*.20}{\376\377\000W\000e\000a\000k\000/\000Q\000N\000D\000\040\000M\000e\000a\000s\000u\000r\000e\000m\000e\000n\000t}{section*.18}% 20
\BOOKMARK [2][-]{section*.21}{\376\377\000P\000h\000o\000t\000o\000n\000i\000c\000\040\000S\000y\000n\000d\000r\000o\000m\000e\000\040\000E\000x\000t\000r\000a\000c\000t\000i\000o\000n}{section*.18}% 21
\BOOKMARK [2][-]{section*.22}{\376\377\000C\000o\000r\000r\000e\000c\000t\000i\000o\000n\000\040\000O\000p\000e\000r\000a\000t\000i\000o\000n\000s}{section*.18}% 22
\BOOKMARK [1][-]{section*.23}{\376\377\000C\000o\000n\000c\000l\000u\000s\000i\000o\000n}{section*.2}% 23
\BOOKMARK [1][-]{section*.24}{\376\377\000A\000u\000t\000h\000o\000r\000\040\000D\000e\000c\000l\000a\000r\000a\000t\000i\000o\000n\000s}{section*.2}% 24
\BOOKMARK [2][-]{section*.25}{\376\377\000C\000o\000n\000f\000l\000i\000c\000t\000\040\000o\000f\000\040\000I\000n\000t\000e\000r\000e\000s\000t}{section*.24}% 25
\BOOKMARK [1][-]{section*.26}{\376\377\000D\000a\000t\000a\000\040\000A\000v\000a\000i\000l\000a\000b\000i\000l\000i\000t\000y}{section*.2}% 26
